   Ôû▓ Next.js 15.5.12
   - Environments: .env

   Creating an optimized production build ...
 Ô£ô Compiled successfully in 6.1s
   Linting and checking validity of types ...
node.exe : 
At line:1 char:1
+ & "C:\Program 
Files\nodejs/node.exe" 
"C:\Program 
Files\nodejs/node_mo ...
+ ~~~~~~~~~~~~~~~~~~~~~~~~
~~~~~~~~~~~~~~~~~~~~~~~~~~
~~~~~~~~~~~~~~~~~~~
    + CategoryInfo        
      : NotSpecified: (:  
  String) [], RemoteExc   
 eption
    + FullyQualifiedError 
   Id : NativeCommandErr  
  or
 
Failed to compile.

./src/app/dashboard/page.t
sx
76:19  Warning: Using 
`<img>` could result in 
slower LCP and higher 
bandwidth. Consider using 
`<Image />` from 
`next/image` or a custom 
image loader to 
automatically optimize 
images. This may incur 
additional usage or cost 
from your provider. See: h
ttps://nextjs.org/docs/mes
sages/no-img-element  
@next/next/no-img-element

./src/components/Contribut
orLeaderboard.tsx
43:17  Warning: Using 
`<img>` could result in 
slower LCP and higher 
bandwidth. Consider using 
`<Image />` from 
`next/image` or a custom 
image loader to 
automatically optimize 
images. This may incur 
additional usage or cost 
from your provider. See: h
ttps://nextjs.org/docs/mes
sages/no-img-element  
@next/next/no-img-element

./src/components/MetricsCh
art.tsx
14:1  Error: Definition 
for rule '@typescript-esli
nt/no-explicit-any' was 
not found.  @typescript-es
lint/no-explicit-any

info  - Need to disable 
some ESLint rules? Learn 
more here: https://nextjs.
org/docs/app/api-reference
/config/eslint#disabling-r
ules
